
Running 1 test using 1 worker

Navigating to login...
Login successful
Navigated to Add Hotel
  ✘  1 tests\onboard_hotel.spec.ts:10:5 › onboard hotel (30.1s)


  1) tests\onboard_hotel.spec.ts:10:5 › onboard hotel ──────────────────────────────────────────────

    [31mTest timeout of 30000ms exceeded.[39m

    Error: page.fill: Test timeout of 30000ms exceeded.
    Call log:
    [2m  - waiting for locator('input[name="city"]')[22m
    [2m    - locator resolved to <input disabled value="" name="city" aria-invalid="false" id="_R_4j3aatpesnebn5rl9etlb_-form-item" aria-describedby="_R_4j3aatpesnebn5rl9etlb_-form-item-description" class="flex h-10 border border-input ring-offset-background file:border-0 file:bg-transparent file:text-sm file:font-medium placeholder:text-muted-foreground focus-visible:outline-none disabled:cursor-not-allowed w-full bg-[#F6EEE0] text-gray-700 p-2 rounded-md border-none focus:ring-0 text-xs 2xl:text-sm"/>[22m
    [2m    - fill("Cyber City")[22m
    [2m  - attempting fill action[22m
    [2m    2 × waiting for element to be visible, enabled and editable[22m
    [2m      - element is not enabled[22m
    [2m    - retrying fill action[22m
    [2m    - waiting 20ms[22m
    [2m    2 × waiting for element to be visible, enabled and editable[22m
    [2m      - element is not enabled[22m
    [2m    - retrying fill action[22m
    [2m      - waiting 100ms[22m
    [2m    28 × waiting for element to be visible, enabled and editable[22m
    [2m       - element is not enabled[22m
    [2m     - retrying fill action[22m
    [2m       - waiting 500ms[22m


      30 |   await page.fill('input[name="email"]', 'hotel@agentic.com');
      31 |   await page.fill('input[name="number"]', '9876543210');
    > 32 |   await page.fill('input[name="city"]', 'Cyber City');
         |              ^
      33 |   await page.fill('input[name="pinCode"]', '100001');
      34 |
      35 |   // State Selection (Assuming Select component structure)
        at D:\KNECT-main\KnectHotel-admin-panel\tests\onboard_hotel.spec.ts:32:14

    Error Context: test-results\tests-onboard_hotel-onboard-hotel\error-context.md

  1 failed
    tests\onboard_hotel.spec.ts:10:5 › onboard hotel ───────────────────────────────────────────────
